1101 Sword
1102 Sword_
1103 Sword__
1104 Falchion
1105 Falchion_
1106 Falchion__
1107 Blade
1108 Blade_
1109 Blade__
1110 Rapier
1111 Rapier_
1112 Rapier__
1113 Scimiter
1114 Scimiter_
1115 Scimiter__
1116 Katana
1117 Katana_
1118 Katana__
1119 Tsurugi
1120 Tsurugi_
1121 Tsurugi__
1122 Ring_Pommel_Saber
1123 Haedonggum
1124 Orcish_Sword
1125 Ring_Pommel_Saber_
1126 Saber
1127 Saber_
1128 Haedonggum
1129 Flamberge
1130 Nagan
1131 Ice_Falchion
1132 Edge
1133 Fireblend
1134 Caesar's_Sword
1135 Cutlus
1136 Solar_Sword
1137 Excalibur
1138 Mysteltain
1139 Talefing
1140 Byeollungum
1141 Immaterial_Sword
1142 Jeweled_Sword
1143 Gaia_Sword
1144 Sashimi
1145 Holy_Avenger
1151 Slayer
1152 Slayer_
1153 Slayer__
1154 Bastard_Sword
1155 Bastard_Sword_
1156 Bastard_Sword__
1157 Two-handed_Sword
1158 Two-handed_Sword_
1159 Two-handed_Sword__
1160 Broad_Sword
1161 Balmung
1162 Broad_Sword_
1163 Claymore
1164 Muramasa
1165 Masamune
1166 Dragon_Slayer
1167 Schweizersabel
1168 Zweihander
1169 Executioner
1170 Katzbalger
1201 Knife
1202 Knife_
1203 Knife_
1204 Cutter
1205 Cutter_
1206 Cutter__
1207 Main_Gauche
1208 Main_Gauche_
1209 Main_Gauche__
1210 Dirk
1211 Dirk_
1212 Dirk__
1213 Dagger
1214 Dagger_
1215 Dagger__
1216 Stiletto
1217 Stiletto_
1218 Stiletto__
1219 Gladius
1220 Gladius_
1221 Gladius__
1222 Damascus
1223 Fortune_Sword
1224 Swordbreaker
1225 Mailbreaker
1226 Damascus_
1227 Weeder_Knife
1228 Combat_Knife
1229 Mama's_Knife
1230 House_Auger
1231 Bazerald
1232 AssassinDagger
1233 Excorcise
1234 Walgwanggum
1235 Azoth
1236 Sucsamad
1237 Grimtooth
1238 Zenny_Knife
1239 Poison_Knife
1240 Princess_Knife
1241 Cursed_Knife
1242 Counter_Knife
1243 Main_Gauche_For_Novice
1250 Jur
1251 Jur_
1252 Katar
1253 Katar_
1254 Jamadhar
1255 Jamadhar_
1256 Katar_of_Cold_Icicle
1257 Katar_of_Dusty_Thornbush
1258 Katar_of_Raging_Blaze
1259 Katar_of_Piercing_Wind
1260 Shaprpened_Legbone_of_Ghoul
1261 Infiltrator
1301 Axe
1302 Axe_
1303 Axe__
1304 Orcish_Axe
1305 Cleaver
1306 War_Axe
1351 Battle_Axe
1352 Battle_Axe_
1353 Battle_Axe__
1354 Hammer
1355 Hammer_
1356 Hammer__
1357 Buster
1358 Buster_
1359 Buster__
1360 Two-handed_Axe
1361 Two-handed_Axe_
1362 Two-handed_Axe__
1363 Bloody_Axe
1364 Great_Axe
1365 Sabbath
1366 Light_Epsilon
1367 Slaughter
1368 Tomahawk
1369 Guillotine
1401 Javelin
1402 Javelin_
1403 Javelin__
1404 Spear
1405 Spear_
1406 Spear__
1407 Pike
1408 Pike_
1409 Pike__
1410 Lance
1411 Lance_
1412 Lance__
1413 Gungnir
1414 Gelerdria
1415 Brocca
1416 Tjungkuletti
1417 Poll_Axe
1451 Guisarme
1452 Guisarme_
1453 Guisarme_
1454 Glaive
1455 Glaive_
1456 Glaive__
1457 Partizan
1458 Partizan_
1459 Partizan__
1460 Trident
1461 Trident_
1462 Trident__
1463 Hallberd
1464 Hallberd_
1465 Hallberd__
1466 Cresent_Scythe
1467 Bill_Guisarme
1468 Zephyrus
1469 Longinus's_Spear
1470 Brionac
1471 Hellfire
1472 Staff_of_Soul
1473 Wizardry_Staff
1501 Club
1502 Club_
1503 Club__
1504 Mace
1505 Mace_
1506 Mace__
1507 Smasher
1508 Smasher_
1509 Smasher__
1510 Flail
1511 Flail_
1512 Flail__
1513 Morning_Star
1514 Morning_Star_
1515 Morning_Star__
1516 Sword_Mace
1517 Sword_Mace_
1518 Sword_Mace__
1519 Chain
1520 Chain_
1521 Chain__
1522 Stunner
1523 Spike
1524 Golden_Mace
1525 Long_Mace
1526 Slash
1527 Quadrille
1528 Grand_Cross
1529 Iron_Driver
1530 Mjollnir
1531 Wrench
1550 Book
1551 Bible
1552 Tablet
1553 Book_of_Billows
1554 Book_of_Mother_Earth
1555 Book_of_Blazing_Sun
1556 Book_of_Gust_of_Wind
1557 Book_of_the_Apocalypse
1558 Girl's_Diary
1599 Angra_Mainyu
1601 Rod
1602 Rod_
1603 Rod__
1604 Wand
1605 Wand_
1606 Wand__
1607 Staff
1608 Staff_
1609 Staff__
1610 Arc_Wand
1611 Arc_Wand_
1612 Arc_Wand__
1613 Mighty_Staff
1614 Wand_of_Occult
1615 Bone_Wand
1701 Bow
1702 Bow_
1703 Bow__
1704 Composite_Bow
1705 Composite_Bow_
1706 Composite_Bow__
1707 Great_Bow
1708 Great_Bow_
1709 Great_Bow__
1710 Cross_Bow
1711 Cross_Bow_
1712 Cross_Bow__
1713 Arbalest
1714 Gakkung
1715 Arbalest_
1716 Gakkung_
1718 Hunter_Bow
1719 Roguemaster's_Bow
1720 Rudra's_Bow
1721 Repeating_Crossbow
1722 Ballista
1750 Arrow
1751 Silver_Arrow
1752 Fire_Arrow
1753 Steel_Arrow
1754 Crystal_Arrow
1755 Arrow_of_Wind
1756 Stone_Arrow
1757 Immaterial_Arrow
1758 Stun_Arrow
1759 Freezing_Arrow
1760 Flash_Arrow
1761 Curse_Arrow
1762 Rusty_Arrow
1763 Poison_Arrow
1764 Sharp_Arrow
1765 Orideon_Arrow
1766 Arrow_of_Counter_Evil
1767 Arrow_of_Shadow
1768 Sleep_Arrow
1769 Mute_Arrow
1770 Steel_Arrow
1801 Waghnak
1802 Waghnak_
1803 Knuckle_Duster
1804 Knuckle_Duster_
1805 Hora
1806 Hora_
1807 Fist
1808 Fist_
1809 Claw
1810 Claw_
1811 Finger
1812 Finger_
1813 Kaiser_Knuckle
1814 Berserk
1901 Violin
1902 Violin_
1903 Mandolin
1904 Mandolin_
1905 Lute
1906 Lute_
1907 Guitar
1908 Guitar_
1909 Harp
1910 Harp_
1911 Gumoongoh
1912 Gumoongoh_
1950 Rope
1951 Rope_
1952 Line
1953 Line_
1954 Wire
1955 Wire_
1956 Rante
1957 Rante_
1958 Tail
1959 Tail_
1960 Whip
1961 Whip_
1962 Lariat
1963 Rapture_Rose
1964 Chemeti
2101 Guard
2102 Guard_
2103 Buckler
2104 Buckler_
2105 Shield
2106 Shield_
2107 Mirror_Shield
2108 Mirror_Shield_
2109 Memory_Book
2110 Holyguard
2111 Evangelist
2112 Guard_For_Novice
2199 Ahura_Mazdah
2201 Sunglasses
2202 Sunglasses_
2203 Glasses
2204 Glasses_
2205 Diver_Goggles
2206 Wedding_Veil
2207 Fancy_Flower
2208 Ribbon
2209 Ribbon_
2210 Hair_Band
2211 Bandana
2212 Eye_Patch
2213 Kitty_Band
2214 Bunny_Band
2215 Flower_Band
2216 Biretta
2217 Biretta_
2218 Flu_Mask
2219 Flu_Mask_
2220 Hat
2221 Hat_
2222 Turban
2223 Turban_
2224 Goggles
2225 Goggles_
2226 Cap
2227 Cap_
2228 Helm
2229 Helm_
2230 Gemmed_Sallet
2231 Gemmed_Sallet_
2232 Circlet
2233 Circlet_
2234 Tiara
2235 Crown
2236 Santa_Hat
2237 Bandit_Beard
2238 Moustache
2239 Single_Glass
2240 Beard
2241 Grampa_Beard
2242 Purple_Glasses
2243 Geek_Glasses
2244 Big_Ribbon
2245 Sweet_Gent
2246 Golden_Gear
2247 Romantic_Gent
2248 Western_Grace
2249 Coronet
2250 Cute_Ribbon
2251 Monk_Hat
2252 Wizard_Hat
2253 Sunflower
2254 Angel_Wing
2255 Evil_Wing
2256 Majestic_Goat
2257 Snow_Horn
2258 Spiky_Band
2259 Mini_Propeller
2260 Mini_Glasses
2261 Army_Cap
2262 Pierrot_Nose
2263 Zoro_Masque
2264 Munak_Hat
2265 Gangster_Mask
2266 Iron_Cain
2267 Cigar
2268 Pipe
2269 Romantic_Flower
2270 Romantic_Leaf
2271 Jack_a_Dandy
2272 Stop_Post
2273 Doctor_Band
2274 Ghost_Bandana
2275 Red_Bandana
2276 Eagle_Eyes
2277 Nurse_Cap
2278 Mr._Smile
2279 Bomb_Wick
2280 Sakkat
2281 Opera_Masque
2282 Heaven_Ring
2283 Ear_Muffs
2284 Antler
2285 Apple_o'_Archer
2286 Elven_Ears
2287 Pirate_Bandana
2288 Mr._Scream
2289 Poo_Poo_Hat
2290 Funeral_Hat
2291 Masquerade
2292 Welding_Mask
2293 Pretend_Murdered
2294 Stellar
2295 Blinker
2296 Binoculars
2297 Goblini_Mask
2298 Green_Feeler
2299 Orc_Helm
2301 Cotton_Shirts
2302 Cotton_Shirts_
2303 Jacket
2304 Jacket_
2305 Adventurer's_Suit
2306 Adventurer's_Suit_
2307 Mantle
2308 Mantle_
2309 Coat
2310 Coat_
2311 Mink_Coat
2312 Padded_Armor
2313 Padded_Armor_
2314 Chain_Mail
2315 Chain_Mail_
2316 Full_Plate
2317 Full_Plate_
2318 Clothes_of_the_Lord
2319 Glittering_Jacket
2320 Formal_Suit
2321 Silk_Robe
2322 Silk_Robe_
2323 Scapulare
2324 Scapulare_
2325 Saint_Robe
2326 Saint_Robe_
2327 Holy_Robe
2328 Wooden_Mail
2329 Wooden_Mail_
2330 Tights
2331 Tights_
2332 Silver_Robe
2333 Silver_Robe_
2334 Mage_Coat
2335 Thief_Clothes
2336 Thief_Clothes_
2337 Ninja_Suit
2338 Wedding_Dress
2339 Pantie
2340 Novice_Breastplate
2341 Full_Plate_Armor
2342 Full_Plate_Armor_
2343 Robe_of_Casting
2344 Armor_of_Fire
2345 Armor_of_Fire_
2346 Armor_of_Water
2347 Armor_of_Water_
2348 Armor_of_Wind
2349 Armor_of_Wind_
2350 Armor_of_Land
2351 Armor_of_Land_
2352 Armor_For_Novice
2401 Sandals
2402 Sandals_
2403 Shoes
2404 Shoes_
2405 Boots
2406 Boots_
2407 Crystal_Pumps
2408 Ball'Chain
2409 Highheels
2410 Sleipnir
2411 Greaves
2412 Greaves_
2413 Safety_Shoes
2414 Sandal_For_Novice
2501 Hood
2502 Hood_
2503 Muffler
2504 Muffler_
2505 Manteau
2506 Manteau_
2507 Cape_of_Old_Marquess
2508 Ragamuffin_Manteau
2509 Manteau_of_Life
2510 Hood_For_Novice
2601 Ring
2602 Earring
2603 Necklace
2604 Glove
2605 Brooch
2607 Clip
2608 Rosary
2609 Skull_Ring
2610 Gold_Ring
2611 Silver_Ring
2612 Flower_Ring
2613 Diamond_Ring
2614 Eye_of_Dullahan
2615 Safety_Ring
2616 Critical_Ring
2617 Celebrant'sMitten
2618 Matyr's_Leash
2619 Bow_Thimble
2620 Rogue's_Treasure
2621 Ring_
2622 Earring_
2623 Necklace_
2624 Glove_
2625 Brooch_
2626 Rosary_
2627 Belt
2628 Novce_Armlet
2629 Megingjard
2630 Brisingamen
5001 Headset
5002 Jewel_Crown
5003 Joker_Jester
5004 Oxygen_Mask
5005 Gas_Mask
5006 Machoman_Glasses
5007 Grand_Circlet
5008 Puppy_Love
5009 Safety_Helmet
5010 Indian_Fillet
5011 Aerial
5012 Ph.D_Hat
5013 Lord_Kaho's_Horn
5014 Fin_Helm
5015 Egg_Shell
5016 Boys_Cap
5017 Bone_Helm
5018 Feather_Bonnet
5019 Corsair
5020 Kafra_Band
5021 Money_Loser's_Grief
5022 Sun_Helm
5023 Parcel_Hat
5024 Cake_Hat
5025 Helm_of_Angel
5026 Chef_Hat
5027 Mage_Hat
5028 Candle
5029 Spore_Hat
5030 Panda_Hat
5031 Mine_Hat
5032 Sunday_Hat
5033 Raccon_Hat
5034 Bulb_Band
5035 Poring_Hat
5036 Cross_Hat
5037 Nut_Shell
5038 Hat_of_Petite_Diablo
5039 Ranbow_Eggshell
5040 Blush
5041 Heart_Hairpin
5042 Hair_protector
5043 Phantom_of_Opera
5044 Wing_of_Diablo
5045 Magician_Hat
5046 Bongun_Hat
5047 Fashionable_Glasses
5048 Cresent_Hairpin
5049 Stripe_Hairband
5050 Wonder_Nutshell
5051 Bell_of_Pussycat
5052 Blue_Hairband
5053 Sphinx_Hat
5054 Assassin_Mask
5055 Eggshell_For_Novice
